{
    "datagram": {
        "header": {
            "specificationVersion": "1.3.0",
            "addressSource": {
                "device": "TestDeviceAddress",
                "entity": [
                    0
                ],
                "feature": 0
            },
            "addressDestination": {
                "entity": [
                    0
                ],
                "feature": 0
            },
            "msgCounter": 1,
            "cmdClassifier": "read"
        },
        "payload": {
            "cmd": [
                {
                    "nodeManagementDetailedDiscoveryData": {}
                }
            ]
        }
    }
}