{
    "datagram": {
        "header": {
            "specificationVersion": "1.3.0",
            "addressSource": {
                "device": "TestDeviceAddress",
                "entity": [
                    0
                ],
                "feature": 0
            },
            "addressDestination": {
                "device": "HEMS",
                "entity": [
                    0
                ],
                "feature": 0
            },
            "msgCounter": 2,
            "msgCounterReference": 1,
            "cmdClassifier": "result"
        },
        "payload": {
            "cmd": [
                {
                    "resultData": {
                        "errorNumber": 0
                    }
                }
            ]
        }
    }
}